../Core/Src/Adafruit_HX8357.c:124:13:ST7735_Select	8	static
../Core/Src/Adafruit_HX8357.c:128:6:ST7735_Unselect	8	static
../Core/Src/Adafruit_HX8357.c:131:13:ST7735_Reset	8	static
../Core/Src/Adafruit_HX8357.c:136:13:ST7735_WriteCommand	16	static
../Core/Src/Adafruit_HX8357.c:141:13:ST7735_WriteData	16	static
../Core/Src/Adafruit_HX8357.c:145:13:ST7735_ExecuteCommandList	24	static
../Core/Src/Adafruit_HX8357.c:171:13:ST7735_SetAddressWindow	32	static
../Core/Src/Adafruit_HX8357.c:186:6:ST7735_Init	8	static
../Core/Src/Adafruit_HX8357.c:194:6:ST7735_DrawPixel	24	static
../Core/Src/Adafruit_HX8357.c:207:13:ST7735_WriteChar	48	static
../Core/Src/Adafruit_HX8357.c:226:6:ST7735_WriteString	32	static
../Core/Src/Adafruit_HX8357.c:252:6:ST7735_FillRectangle	32	static
../Core/Src/Adafruit_HX8357.c:271:6:ST7735_FillRectangleFast	32	static
../Core/Src/Adafruit_HX8357.c:294:6:ST7735_FillScreen	24	static
../Core/Src/Adafruit_HX8357.c:298:6:ST7735_FillScreenFast	24	static
../Core/Src/Adafruit_HX8357.c:302:6:ST7735_DrawImage	24	static
../Core/Src/Adafruit_HX8357.c:313:6:ST7735_InvertColors	16	static
